python : System check 
identified some issues
:
位於 線路:1 字元:1
+ python manage.py tes
t auctions.tests.test_
services -v 2 2> test_
outpu ...
+ ~~~~~~~~~~~~~~~~~~~~
~~~~~~~~~~~~~~~~~~~~~~
~~~~~~~~~~~~~~~~~~~~~~
~~~~~
    + CategoryInfo    
          : NotSpeci  
  fied: (System che   
 ck identified som    
e issues::String)     
[], RemoteExcept    io
n
    + FullyQualifiedE 
   rrorId : NativeCo  
  mmandError
 

WARNINGS:
[33;1m?: (staticfiles
.W004) The directory '
C:\Users\polar.KINGSTE
EL\OneDrive - 鉅鋼機械股份有限
公司 King Steel Machiner
y Co., Ltd\001-鉅鋼工作\20
25\SDD\AuctionWebsite\
ActionWebsite\static' 
in the STATICFILES_DIR
S setting does not exi
st.[0m

System check identifie
d 1 issue (0 silenced)
.
test_services (unittes
t.loader._FailedTest.t
est_services) ... ERRO
R

======================
======================
======================
====
ERROR: test_services (
unittest.loader._Faile
dTest.test_services)
----------------------
----------------------
----------------------
----
ImportError: Failed to
 import test module: t
est_services
Traceback (most recent
 call last):
  File "C:\Users\polar
.KINGSTEEL\AppData\Loc
al\Programs\Python\Pyt
hon311\Lib\unittest\lo
ader.py", line 162, in
 loadTestsFromName
    module = __import_
_(module_name)
             ^^^^^^^^^
^^^^^^^^^^^^^^
  File "C:\Users\polar
.KINGSTEEL\OneDrive - 
鉅鋼機械股份有限公司 King Steel 
Machinery Co., Ltd\001
-鉅鋼工作\2025\SDD\Auction
Website\ActionWebsite\
auctions\tests\test_se
rvices.py", line 4, in
 <module>
    import pytest
ModuleNotFoundError: N
o module named 'pytest
'


----------------------
----------------------
----------------------
----
Ran 1 test in 0.000s

FAILED (errors=1)
